<?xml version="1.0" encoding="UTF-8"?>
<testsuites name="Mocha Tests" time="2.3050" tests="2" failures="1">
  <testsuite name="Root Suite" timestamp="2020-01-31T21:04:00" tests="0" file="cypress/integration/demo.spec.js"
             time="0.0000" failures="0">
  </testsuite>
  <testsuite name="Demo test" timestamp="2020-01-31T21:04:00" tests="2" time="2.3050" failures="1">
    <testcase name="Demo test visit forms layout should pass" time="2.3050" classname="visit forms layout should pass">
    </testcase>
    <testcase name="Demo test visit forms layout should fail" time="0.0000" classname="visit forms layout should fail">
      <failure
        message="Timed out retrying: expected &apos;http://localhost:4200/pages/forms/layouts&apos; to include &apos;layouts1&apos;"
        type="CypressError"><![CDATA[CypressError: Timed out retrying: expected 'http://localhost:4200/pages/forms/layouts' to include 'layouts1'
    at Object.cypressErr (http://localhost:4200/__cypress/runner/cypress_runner.js:86207:11)
    at Object.throwErr (http://localhost:4200/__cypress/runner/cypress_runner.js:86162:18)
    at Object.throwErrByPath (http://localhost:4200/__cypress/runner/cypress_runner.js:86194:17)
    at retry (http://localhost:4200/__cypress/runner/cypress_runner.js:76849:16)
    at onFailFn (http://localhost:4200/__cypress/runner/cypress_runner.js:65634:16)
    at tryCatcher (http://localhost:4200/__cypress/runner/cypress_runner.js:120203:23)
    at Promise._settlePromiseFromHandler (http://localhost:4200/__cypress/runner/cypress_runner.js:118139:31)
    at Promise._settlePromise (http://localhost:4200/__cypress/runner/cypress_runner.js:118196:18)
    at Promise._settlePromise0 (http://localhost:4200/__cypress/runner/cypress_runner.js:118241:10)
    at Promise._settlePromises (http://localhost:4200/__cypress/runner/cypress_runner.js:118316:18)
    at Async../node_modules/bluebird/js/release/async.js.Async._drainQueue (http://localhost:4200/__cypress/runner/cypress_runner.js:114928:16)
    at Async../node_modules/bluebird/js/release/async.js.Async._drainQueues (http://localhost:4200/__cypress/runner/cypress_runner.js:114938:10)
    at Async.drainQueues (http://localhost:4200/__cypress/runner/cypress_runner.js:114812:14)]]></failure>
    </testcase>
  </testsuite>
</testsuites>
